[
    {
        "Id": "87431b9b-fa39-4780-beb3-1047b9e61876",
        "Alias": "Click Email Link",
        "CreatedDate": "5/25/2011 8:23:00 AM",
        "LastModifiedDate": "9/3/2015 11:36:09 AM",
        "CreatedBy": "sitecore\\admin",
        "LastModifiedBy": "sitecore\\admin",
        "Culture": "",
        "Description": ""
    },
    {
        "Id": "28a7c944-b8b6-45ad-a635-6f72e8f81f69",
        "Alias": "Instant Demo",
        "CreatedDate": "12/18/2008 8:59:02 AM",
        "LastModifiedDate": "10/16/2014 11:01:54 AM",
        "CreatedBy": "sitecore\\admin",
        "LastModifiedBy": "sitecore\\admin",
        "Culture": "",
        "Description": "User has signed up for an instant demo"
    },
    {
        "Id": "8ffb183b-da1a-4c74-8f3a-9729e9fcff6a",
        "Alias": "Register",
        "CreatedDate": "12/11/2008 7:54:00 AM",
        "LastModifiedDate": "5/24/2011 12:31:10 PM",
        "CreatedBy": "sitecore\\admin",
        "LastModifiedBy": "sitecore\\admin",
        "Culture": "",
        "Description": "User has registered"
    },
    {
        "Id": "968897f1-328a-489d-88e8-be78f4370958",
        "Alias": "Brochures Request",
        "CreatedDate": "12/11/2008 7:54:38 AM",
        "LastModifiedDate": "10/16/2014 11:01:44 AM",
        "CreatedBy": "sitecore\\admin",
        "LastModifiedBy": "sitecore\\admin",
        "Culture": "",
        "Description": "User has requested a brochure"
    },
    {
        "Id": "66722f52-2d13-4dcc-90fc-ea7117cf2298",
        "Alias": "Login",
        "CreatedDate": "12/11/2008 7:54:38 AM",
        "LastModifiedDate": "5/24/2011 12:31:03 PM",
        "CreatedBy": "sitecore\\admin",
        "LastModifiedBy": "sitecore\\admin",
        "Culture": "",
        "Description": "User has logged on"
    },
    {
        "Id": "1779cc42-ef7a-4c58-bf19-fa85d30755c9",
        "Alias": "Newsletter Signup",
        "CreatedDate": "12/11/2008 7:54:39 AM",
        "LastModifiedDate": "10/16/2014 11:02:03 AM",
        "CreatedBy": "sitecore\\admin",
        "LastModifiedBy": "sitecore\\admin",
        "Culture": "",
        "Description": "User has signed up for a newsletter"
    }
]